Verbose? (0/1) [ [0,-1,1,-10,-20] [0,-1,1,-7820,-263580] [0,-1,1,0,0] ]	
[0,5,5;5,0,0;5,0,0]

[ [1,0,1,4,-6] [1,0,1,-36,-70] [1,0,1,-1,0] [1,0,1,-171,-874] [1,0,1,-11,12] [1,0,1,-2731,-55146] ]	
[0,2,3,3,0,0;2,0,0,0,3,3;3,0,0,0,2,0;3,0,0,0,0,2;0,3,2,0,0,0;0,3,0,2,0,0]

[ [1,1,1,-10,-10] [1,1,1,-5,2] [1,1,1,35,-28] [1,1,1,-135,-660] [1,1,1,-80,242] [1,1,1,0,0] [1,1,1,-110,-880] [1,1,1,-2160,-39540] ]	
[0,2,2,2,0,0,0,0;2,0,0,0,2,2,0,0;2,0,0,0,0,0,0,0;2,0,0,0,0,0,2,2;0,2,0,0,0,0,0,0;0,2,0,0,0,0,0,0;0,0,0,2,0,0,0,0;0,0,0,2,0,0,0,0]

[ [1,-1,1,-1,-14] [1,-1,1,-6,-4] [1,-1,1,-1,0] [1,-1,1,-91,-310] ]	
[0,2,0,0;2,0,2,2;0,2,0,0;0,2,0,0]

[ [0,1,1,-9,-15] [0,1,1,1,0] [0,1,1,-769,-8470] ]	
[0,3,3;3,0,0;3,0,0]

[ [0,1,0,4,4] [0,1,0,-1,0] [0,1,0,-36,-140] [0,1,0,-41,-116] ]	
[0,2,3,0;2,0,0,3;3,0,0,2;0,3,2,0]

[ [1,0,0,-4,-1] [1,0,0,-39,90] [1,0,0,1,0] [1,0,0,-49,-136] [1,0,0,-34,-217] [1,0,0,-784,-8515] ]	
[0,2,2,2,0,0;2,0,0,0,0,0;2,0,0,0,0,0;2,0,0,0,2,2;0,0,0,2,0,0;0,0,0,2,0,0]

[ [0,-1,0,-4,4] [0,-1,0,-64,220] [0,-1,0,1,0] [0,-1,0,-24,-36] [0,-1,0,16,-180] [0,-1,0,-384,-2772] ]	
[0,2,2,2,0,0;2,0,0,0,0,0;2,0,0,0,0,0;2,0,0,0,2,2;0,0,0,2,0,0;0,0,0,2,0,0]

[ [1,0,1,-5,-8] [1,0,1,0,0] [1,0,1,-460,-3830] ]	
[0,3,3;3,0,0;3,0,0]

[ [1,-1,1,-3,3] [1,-1,1,-213,-1257] ]	
[0,7;7,0]

[ [0,0,1,0,-7] [0,0,1,0,0] [0,0,1,-270,-1708] [0,0,1,-30,63] ]	
[0,3,3,0;3,0,0,3;3,0,0,0;0,3,0,0]

[ [1,0,1,1,2] [1,0,1,-19,26] [1,0,1,-14,-64] [1,0,1,-289,1862] [1,0,1,-69,-194] [1,0,1,-334,-2368] [1,0,1,-454,-544] [1,0,1,-5334,-150368] ]	
[0,2,3,0,0,0,0,0;2,0,0,2,2,3,0,0;3,0,0,0,0,2,0,0;0,2,0,0,0,0,3,0;0,2,0,0,0,0,0,3;0,3,2,0,0,0,2,2;0,0,0,3,0,2,0,0;0,0,0,0,3,2,0,0]

[ [0,0,0,4,0] [0,0,0,-1,0] [0,0,0,-11,14] [0,0,0,-11,-14] ]	
[0,2,0,0;2,0,2,2;0,2,0,0;0,2,0,0]

