Input curve = [0,0,1,-7,6]:
Minimal model = [0,0,1,-7,6]
Periods: [w_1,w_2] = [(-0,-1.48055),(2.07584,0)]
tau       = (-0,1.40208) (abs(tau)=1.40208)
w_R = (2.07584,0)	w_I = (0,1.48055)

Curve from periods: [0,0,1,-7,6]
Input curve = [0,0,0,-16/9,0]:
Minimal model = [0,0,0,-9,0]
Periods: [w_1,w_2] = [(1.51385,0),(0,1.51385)]
tau       = (0,1) (abs(tau)=1)
w_R = (1.51385,0)	w_I = (0,1.51385)

Curve from periods: [0,0,0,-9,0]
