
===============================================================

24129r1 = [0,0,1,-68799,-1969790]
2 points entered:[ [-1870:9257:8] [-197:1984:1] ]
Saturation index bound = 4
Reducing saturation bound from given value 100 to computed index bound 4
Checking saturation at [ 2 3 5 ]
Checking 2-saturation 
Points were proved 2-saturated (max q used = 17)
Checking 3-saturation 
Points were proved 3-saturated (max q used = 37)
Checking 5-saturation 
Points were proved 5-saturated (max q used = 73)
Finished p-saturation for p up to 100, points were saturated

===============================================================

Number of curves entered:    1
Number saturated already:    1
Number which were saturated: 0
