======================================================

E = [0,0,1,-7,36]
4 points entered.

Saturating at primes from 3 up to 31
Original generators:
[ [1:-6:1] [-30:21:8] [-3:5:1] [-2:6:1] ]
Finished saturation
Saturation was successful: points were saturated.
======================================================

E = [1,1,1,-218325338,-1241755642969]
1 points entered.

Saturating at all primes
Original generators:
[ [52725:11541787:1] ]
Finished saturation
Saturation was successful: points were saturated.
======================================================

E = [0,0,1,-23737,960366]
8 points entered.

Saturating at all primes
Original generators:
[ [36:390:1] [-87:1538:1] [181:1610:1] [-159:845:1] [-29:1274:1] [-11005:192282:125] [-3021:40175:27] [10532:78629:64] ]
Finished saturation
Saturation was successful:  index gain = 5.
New generators:
[ [36:390:1] [-87:1538:1] [181:1610:1] [7046:-2067064:2197] [-29:1274:1] [-11005:192282:125] [-3021:40175:27] [10532:78629:64] ]
======================================================

E = [0,1,0,-3532341,2671895459]
1 points entered.

Saturating at primes from 3 up to 3
Original generators:
[ [-70530065697753731555722521380451694847027684946481619207066358883190994719487509574998052510855059423334984274230836976431876403642:200898144915891992877832706966832248880788948705776913304828657795482993310179952832361429299128720575547455788810135494156109029455:32383162777362251978562757665550366176161600539636371030636031896984923251479838151766462063041425141567992375986724367103348073] ]
Finished saturation
Saturation was successful:  index gain = 3.
New generators:
[ [2039080769383242:43530702836852015:1260762051627] ]
======================================================

E = [0,1,1,-9872,374262]
4 points entered.

Saturating at primes from 1 up to 211
Original generators:
[ [57:0:1] [56:13:1] [458:19:8] [36:-259:1] ]
Finished saturation
Saturation was successful: points were saturated.
======================================================

E = [0,0,0,-17607,-889490]
1 points entered.

Saturating at primes from 1 up to 101
Original generators:
[ [46596:-1234751:64] ]
Finished saturation
Saturation was successful:  index gain = 2.
New generators:
[ [-82:54:1] ]
