Enter x: x = 1.23	K0(x) = 0.3057709895976342	K1(x) = 0.4147448328501062
Enter x: 