Computed 78519 primes, largest is 1000253
Extra primes in list: 
Input a curve: Curve [1,0,0,-9632000,11505156432]
b2 = 1	 b4 = -19264000	 b6 = 46020625728	 b8 = -92763918843568
c4 = 462336001		c6 = -9941148661249
disc = 1806000	(# real components = 2)
#torsion not yet computed

Input a point on curve, [0] to finish:
Point [1794:-732:1] has infinite order
Local heights:
Sum so far =	0
log(den(x(P))) = 0
2:		-0.5198603854199589820629240910936324260566251007701914405905100071200452164772710367043974952473140157
3:		0
5:		-1.07295860828940024973383955548412509301706756951234514794176526098278599180510517642008925206211974
7:		0
43:		0
Sum so far =	-1.592818993709359231796763646577757519073692670282536588532275268102831208282376213124486747309433756
R:		2.659177737235169710637917177734199697292076189313708599084960419327322781956766458009480750648562175

Sum of local heights: 1.066358743525810478841153531156442178218383519031172010552685151224491573674390244884994003339128419
global height of [1794:-732:1] is 1.066358743525810478841153531156442178218383519031172010552685151224491573674390244884994003339128419
Input a point on curve, [0] to finish:
Input a curve: 

Testing points on the curve [0,0,1,-7,6]
The points are P0 = [0:2:1], P1 = [1:0:1], and P2 = [2:0:1]
Their negatives are -P0 = [0:-3:1], -P1 = [1:-1:1], and -P2 = [2:-1:1]
Computing their heights:
Heights are 0.9909063331530879738825985528871942281843259824931108393150833774164020082875685776039341823636713394, 0.6682051656519279350331420508878230470812918323595349529056109385150431526967321858665008647330999237, and 0.7670433553315462057954506465522171545624246191884909038215957193741174220566628974553182327789193967
The origin is [0:1:0]
Now some additions etc,:
P0 + P1 = [3:3:1]
P0 - P1 = [8:21:1]
P0 - P1 - P2 = [93:-143:27]
P0.twice() = [245:-32:125]
P0 + P0 = [245:-32:125]
3*P0 = [-74725:-438957:117649]
P0 - P0 = [0:1:0]
P0 +3 P1 - P2 = [816:-23310:1]
2P0 +2 P1 + P2 = [93:896:1]
P0 -P1 -P2 = [93:-143:27]
	 with height 3.518883255539141483787954523042654948159390980311398873751347396089691868453592684761314771284371825
2 (P0 -P1 -P2) = [936156018:-10370368:469097433]
	 with height 14.0755330221565659351518180921706197926375639212455954950053895843587674738143707390452590851374873
The quotient is 4
3 (P0 -P1 -P2) = [141154686087724689336:364929251737439849995:18067866971533021791]
	 with height 31.66994929985227335409159070738389453343451882280258986376212656480722681608233416285183294155934642
The quotient is 9
The regulator of P0, P1, P2 is 0.4171435587583839698171195446180933967498101060984983867247368197561777025341638136666749988193139797
