z = (3.125,4.25)
 has real part = 3.125
 and imaginary part = 4.25i
z has complex conjugate = (3.125,-4.25)
AGM((3.125,4.25),(1,0)) = (2.07831617217326684,1.5633615899065958201)

AGM((1,1),(2,1)) = (1.471349362864653566,1.0200541263376600196)

Enter Integer coefficients of a (monic) cubic:The 1 root(s) are:
[ -1 ]
Enter a real or complex: Main cube root = (1.6289371459221758752,0.52017450230454583955)
whose cube is    (3,4)
Next cube root = (-1.2649529063577516597,1.1506136983844504996)
whose cube is    (3,4)
Next cube root = (-0.36398423956442421551,-1.6707882006889963392)
whose cube is    (3,4)
Enter real coefficients a b c d e of a quartic:Quartic [1,2,3,4,5] has roots:
(-1.2878154795576479889,-0.85789675832849028642)
(-1.2878154795576479889,0.85789675832849028642)
(0.28781547955764798887,1.4160930801719079387)
(0.28781547955764798887,-1.4160930801719079387)

