a = -13 with sign -1
b = 3 with sign 1
c = 0 with sign 0
-a = 13 with sign 1
a.abs() = 13
abs(b) = 3
a+b = -10
a-b = -16
a*b = -39
2+a = -11
a+2 = -11
2-a = 15
a-2 = -15
2*a = -26
a*2 = -26
a%b = 2
mod(a,b) = -1
posmod(a,b) = 2
gcd(a,b) = 1
a = -13, -a = 13, a+20 = 7, 20+a = 7, a-2 = -15, 2-a = 15, a.abs() = 13, sign(a) = -1
b = a^4-1 = 815730720, prime factors: [ 2 3 5 7 17 14281 ]
a = 3, -a = -3, a+20 = 23, 20+a = 23, a-2 = 1, 2-a = -1, a.abs() = 3, sign(a) = 1
b = a^4-1 = 6560, prime factors: [ 2 5 41 ]
bezout(a,b,x,y) = 1 with x=-1, y=-4
a^9 = -10604499373
b^3 = 27
a==b? 0
a!=b? 1
a==-13? 1
a!=-13? 0
a==0? 0
a!=0? 1
Prime factors of 26520 : [ 2 3 5 13 17 ]
Divisors whose square divides 26520 : [ 1 2 ]
(0|7) = 0
(1|7) = 1
(2|7) = 1
(3|7) = -1
(4|7) = 1
(5|7) = -1
(6|7) = -1
Is -13 square? 0
Is 169 square? 1
(a square root is 13)
Enter an integer:    value entered: 1234567890
 as a long int: 1234567890
one half = 1/2, rounds to 0, floor=0, ceil=1, recip=2
one third = 1/3, rounds to 0, floor=0, ceil=1, recip=3
Enter a rational:    value entered: 1000000000000000000000000/300000000000001
