Enter x: x = 1.23	K0(x) = 0.305770989597634	K1(x) = 0.414744832850106
Enter x: 