Testing some points:
The points are P0 = [0:2:1], P1 = [1:0:1], and P2 = [2:0:1]
Curve [0,0,1,-7,6]
Periods: [w_1,w_2] = [(0,-1.480548268241414993307331110640960250664203314628647),(2.075843991543466524942087841753643149885814128284888,0)]
tau       = (0,1.402077889705777495517904074550050697574793505613414) (abs(tau)=1.402077889705777495517904074550050697574793505613414)
w_R = (2.075843991543466524942087841753643149885814128284888,0)	w_I = (0,1.480548268241414993307331110640960250664203314628647)


Elliptic log of P is (0.546562908322120431419801072941076517702805266912011,0.7402741341207074966536655553204801253321016573143237)
Reconstructed P = [0:2:1]
OK!

Elliptic log of P is (0.9038293562686711336717648789223456030842783110760873,0.7402741341207074966536655553204801253321016573143237)
Reconstructed P = [1:0:1]
OK!

Elliptic log of P is (1.147199946710465729703642087827694937410742228609969,0)
Reconstructed P = [2:0:1]
OK!

Elliptic log of P is (1.093125816644240862839602145882153035405610533824022,0)
Reconstructed P = [245:-32:125]
OK!

Elliptic log of P is (1.807658712537342267343529757844691206168556622152175,0)
Reconstructed P = [14:51:1]
OK!

Elliptic log of P is (0.2185559018774649344651963339017467249356703289350498,0)
Reconstructed P = [21:-96:1]
OK!

Elliptic log of P is (1.450392264590791565091565951863422120787083577988098,0)
Reconstructed P = [3:3:1]
OK!

Elliptic log of P is (1.832473401101671928910210632848293815559350210751007,0.7402741341207074966536655553204801253321016573143237)
Reconstructed P = [-2:-4:1]
OK!

Elliptic log of P is (0.600637038388345298283841014886618419707936961697958,0.7402741341207074966536655553204801253321016573143237)
Reconstructed P = [2:13:8]
OK!

(m*[0:2:1])/m = [ [0:2:1] ]
Checking...
[0:2:1] OK

(m*[0:2:1])/m = [ [0:2:1] ]
Checking...
[0:2:1] OK

(m*[0:2:1])/m = [ [0:2:1] ]
Checking...
[0:2:1] OK

================================ 
Curve [1,1,0,-202,1025]
Periods: [w_1,w_2] = [(0,0.6327790298514333023716801301216127523020758542863803),(-2.013161390953474120430887621876432695956517664624582,-0.3163895149257166511858400650608063761510379271431901)]
tau       = (-0.5,3.181460345527147411318781197494851601711921352720843) (abs(tau)=3.220510818202869536114214880382970192586945735366723)
w_R = (4.026322781906948240861775243752865391913035329249165,0)	w_IR = (2.013161390953474120430887621876432695956517664624582,0.3163895149257166511858400650608063761510379271431901)


The point Q is = [-8:51:1]
Elliptic log of P is (2.152515666961602416285331781864495611907935795059699,0)
Reconstructed P = [-8:51:1]
The point P3 is = [8:-3:1]
Elliptic log of P is (3.401720410258499632669627423123408798578002151186486,0)
Reconstructed P = [8:-3:1]
(m*[8:-3:1])/m = [ [8:-3:1] ]
Checking...
[8:-3:1] OK

================================ 
