Verbose (0/1): Program timing - demonstration and testing.
How many subtimers? Start default timer
Stopping all timers
