Program tmanin.  Using METHOD = 2 to find newforms
>>>Level 90:	3 newform(s) found.
