Input curve = [0,0,1,-7,6]:
Minimal model = [0,0,1,-7,6]
Periods: [w_1,w_2] = [(0,-1.48054826824141499330733111064096025066420331462865),(2.07584399154346652494208784175364314988581412828489,0)]
tau       = (0,1.40207788970577749551790407455005069757479350561341) (abs(tau)=1.40207788970577749551790407455005069757479350561341)
w_R = (2.07584399154346652494208784175364314988581412828489,0)	w_I = (0,1.48054826824141499330733111064096025066420331462865)

Curve from periods: [0,0,1,-7,6]
Input curve = [0,0,0,0,1024]:
Minimal model = [0,0,1,0,0]
Periods: [w_1,w_2] = [(-2.64995812542817493597053424947265805385780280730384,-1.52995403705719287491319417230882435857282894716093),(0.167047794380762227883783529196967617425949805006566e-51,-3.05990807411438574982638834461764871714565789432186)]
tau       = (0.5,0.86602540378443864676372317075293618347140262690519) (abs(tau)=1)
w_R = (5.29991625085634987194106849894531610771560561460767,0)	w_IR = (2.64995812542817493597053424947265805385780280730384,1.52995403705719287491319417230882435857282894716093)

Curve from periods: [0,0,1,0,0]
Input curve = [0,0,0,-16/9,0]:
Minimal model = [0,0,0,-9,0]
Periods: [w_1,w_2] = [(1.51384563480124714547173625667819578019746120830037,0),(0,1.51384563480124714547173625667819578019746120830037)]
tau       = (0,1) (abs(tau)=1)
w_R = (1.51384563480124714547173625667819578019746120830037,0)	w_I = (0,1.51384563480124714547173625667819578019746120830037)

Curve from periods: [0,0,0,-9,0]
Input curve = [0,0,0,16/9,0]:
Minimal model = [0,0,0,9,0]
Periods: [w_1,w_2] = [(-1.07045051403761559931715552584764515095294889590559,-1.07045051403761559931715552584764515095294889590559),(1.07045051403761559931715552584764515095294889590559,-1.07045051403761559931715552584764515095294889590559)]
tau       = (0,1) (abs(tau)=1)
w_R = (2.14090102807523119863431105169529030190589779181119,0)	w_IR = (1.07045051403761559931715552584764515095294889590559,1.07045051403761559931715552584764515095294889590559)

Curve from periods: [0,0,0,9,0]
