
===============================================================

24129r1 = [0,0,1,-68799,-1969790]
2 points entered:[ [-1870:9257:8] [-197:1984:1] ]
Saturation index bound (for points of good reduction)  = 4
Tamagawa index primes are [ 2 5 ]
Saturation primes are now[ 2 3 5 ]
Checking saturation at [ 2 3 5 ]
Checking 2-saturation 
Points were proved 2-saturated (max q used = 17)
Checking 3-saturation 
Points were proved 3-saturated (max q used = 37)
Checking 5-saturation 
Points were proved 5-saturated (max q used = 73)
Finished p-saturation, points were saturated

===============================================================

Number of curves entered:    1
Number saturated already:    1
Number which were saturated: 0
