======================================================

E = [0,0,1,-7,36]
lower height bound (egr points): 0.21022410381342863575778136906
lower height bound (all points): 0.21022410381342863575778136906
bound on saturation index (egr points): 82
bound on saturation index (all points): 82
======================================================

E = [1,1,1,-218325338,-1241755642969]
lower height bound (egr points): 0.84317631672419664796432298771
lower height bound (all points): 0.0058553910883624767219744651925
bound on saturation index (egr points): 17
bound on saturation index (all points): 35
======================================================

E = [0,0,1,-23737,960366]
lower height bound (egr points): 4.8453850861058816557151019275
lower height bound (all points): 1.2113462715264704139287754819
bound on saturation index (egr points): 29
bound on saturation index (all points): 3793
======================================================

E = [0,1,0,-3532341,2671895459]
lower height bound (egr points): 1.4668632445206274496218150367
lower height bound (all points): 0.36671581113015686240545375916
bound on saturation index (egr points): 23
bound on saturation index (all points): 23
======================================================

E = [0,1,1,-9872,374262]
lower height bound (egr points): 0.025163911436707098565305010427
lower height bound (all points): 0.025163911436707098565305010427
bound on saturation index (egr points): 11816
bound on saturation index (all points): 11816
